Símbolo         Valor Decimal   Valor Hexadecimal
-------         -------------   -----------------
NAOEKBHIT                 138                  8A
NAOEGETCHAR               148                  94
NAOEGETTIME               158                  9E
NAOEPUTCHAR               168                  A8
NAOEPUTMSG                178                  B2
NAOEGETCLOCK              188                  BC
NAOEVALIDO                198                  C6
KBHIT                   32768                8000
NAOHATECLA              32782                800E
FIMKBHIT                32786                8012
GETCHAR                 32787                8013
GETTIME                 32806                8026
PUTCHAR                 32811                802B
FIMPUTCHAR              32825                8039
PUTMSG                  32826                803A
LOOPPUTMSG              32830                803E
NAOZERAR1               32856                8058
FIMPUTMSG               32862                805E
GETCLOCK                32863                805F
SETCLOCK                32876                806C
ERROSETCLOCK            32912                8090
FIMSETCLOCK             32916                8094
VETORINTERRUPCAO        32917                8095
FAZNADA                 32999                80E7
CONTAGEMGERAL           65454                FFAE
CONTAGEMINTERRUPCOES    65456                FFB0
SEGUNDOS                65458                FFB2
MINUTOS                 65460                FFB4
HORAS                   65462                FFB6
IVET                    65470                FFBE
TIMDT                   65495                FFD7
INTS                    65496                FFD8
INTE                    65497                FFD9
TECST                   65498                FFDA
TECDT                   65499                FFDB
VISOR                   65500                FFDC
